Initialized empty Git repository in /home/jbj/X/src/wdj54/tests/tmp/git/
Created empty initial commit
commit a3e11ce68d6cca260adcd03159cb539299f3abf4
Author: Jeff Johnson <jbj@jbj.org>
Date:   Tue Aug 12 13:14:18 2014 -0400

    RPM init commit
commit a3e11ce68d6cca260adcd03159cb539299f3abf4
Author: Jeff Johnson <jbj@jbj.org>
Date:   Tue Aug 12 13:14:18 2014 -0400

    RPM init commit
commit 24be361e430f42b546258929ff2f32f056c1f732
Author: Jeff Johnson <jbj@jbj.org>
Date:   Tue Aug 12 13:14:18 2014 -0400

    RPM add commit

 bar/baz        |    1 +
 bing/bang/boom |    1 +
 foo            |    1 +
 3 files changed, 3 insertions(+), 0 deletions(-)

commit a3e11ce68d6cca260adcd03159cb539299f3abf4
Author: Jeff Johnson <jbj@jbj.org>
Date:   Tue Aug 12 13:14:18 2014 -0400

    RPM init commit
commit 24be361e430f42b546258929ff2f32f056c1f732
Author: Jeff Johnson <jbj@jbj.org>
Date:   Tue Aug 12 13:14:18 2014 -0400

    RPM add commit

 bar/baz        |    1 +
 bing/bang/boom |    1 +
 foo            |    1 +
 3 files changed, 3 insertions(+), 0 deletions(-)

commit a3e11ce68d6cca260adcd03159cb539299f3abf4
Author: Jeff Johnson <jbj@jbj.org>
Date:   Tue Aug 12 13:14:18 2014 -0400

    RPM init commit
commit 03031467ed1dfe8e7581c79e3dc1bca25eda58a3
Author: Jeff Johnson <jbj@jbj.org>
Date:   Tue Aug 12 13:14:18 2014 -0400

    RPM modify commit

commit 24be361e430f42b546258929ff2f32f056c1f732
Author: Jeff Johnson <jbj@jbj.org>
Date:   Tue Aug 12 13:14:18 2014 -0400

    RPM add commit

 bar/baz        |    1 +
 bing/bang/boom |    1 +
 foo            |    1 +
 3 files changed, 3 insertions(+), 0 deletions(-)

commit a3e11ce68d6cca260adcd03159cb539299f3abf4
Author: Jeff Johnson <jbj@jbj.org>
Date:   Tue Aug 12 13:14:18 2014 -0400

    RPM init commit
commit 03031467ed1dfe8e7581c79e3dc1bca25eda58a3
Author: Jeff Johnson <jbj@jbj.org>
Date:   Tue Aug 12 13:14:18 2014 -0400

    RPM modify commit

commit 24be361e430f42b546258929ff2f32f056c1f732
Author: Jeff Johnson <jbj@jbj.org>
Date:   Tue Aug 12 13:14:18 2014 -0400

    RPM add commit

 bar/baz        |    1 +
 bing/bang/boom |    1 +
 foo            |    1 +
 3 files changed, 3 insertions(+), 0 deletions(-)

commit a3e11ce68d6cca260adcd03159cb539299f3abf4
Author: Jeff Johnson <jbj@jbj.org>
Date:   Tue Aug 12 13:14:18 2014 -0400

    RPM init commit
